# Command:
#     /opt/paleomix/bin/paleomix bam run makefile.yaml
#
# Directory:
#     /home/e1garcia/shotgun_PIRE/pire_lcwgs_data_processing/salarias_fasciatus/1st_sequencing_run/PALEOMIX_raw_redo
#
# Genomes:
#     Name    Contigs    Size         Prefix
#     Sfa     23         714822470    /home/e1garcia/shotgun_PIRE/pire_lcwgs_data_processing/salarias_fasciatus/1st_sequencing_run/refGenome/GCF_902148845.1_fSalaFa1.1_chr1-23-mtgen.fasta
#
# Regions Of Interest:
#     Genome    ROI    Size    NFeatures    NIntervals    Path
#
#
Target	Sample	Library	Measure	Value	# Description
Sfa_lcWGS	*	*	lib_type	PE	# SE, PE, or * (for both)
Sfa_lcWGS	*	*	seq_reads_pairs	49333681	# Total number of pairs
Sfa_lcWGS	*	*	seq_trash_pe_1	1528	# Total number of reads
Sfa_lcWGS	*	*	seq_trash_pe_1_frac	3.0972754698762496e-05	# Fraction of PE mate 1 reads trashed
Sfa_lcWGS	*	*	seq_trash_pe_2	1528	# Total number of reads
Sfa_lcWGS	*	*	seq_trash_pe_2_frac	3.0972754698762496e-05	# Fraction of PE mate 2 reads trashed
Sfa_lcWGS	*	*	seq_collapsed	42490765	# Total number of pairs collapsed into one read
Sfa_lcWGS	*	*	seq_collapsed_frac	0.8612932207511538	# Fraction of PE pairs collapsed into one read
Sfa_lcWGS	*	*	seq_retained_reads	56173541	# Total number of retained reads
Sfa_lcWGS	*	*	seq_retained_nts	8645473486	# Total number of NTs in retained reads
Sfa_lcWGS	*	*	seq_retained_length	153.90650708667272	# Average number of NTs in retained reads

Sfa_lcWGS	*	*	hits_raw(Sfa)	30144195	# Total number of hits (prior to PCR duplicate filtering)
Sfa_lcWGS	*	*	hits_raw_frac(Sfa)	0.5366262205190162	# Total number of hits vs. total number of reads retained
Sfa_lcWGS	*	*	hits_clonality(Sfa)	0.33037302870419993	# Fraction of hits that were PCR duplicates
Sfa_lcWGS	*	*	hits_unique(Sfa)	20185366	# Total number of hits (excluding any PCR duplicates)
Sfa_lcWGS	*	*	hits_unique_frac(Sfa)	0.35933939076406096	# Total number of unique hits vs. total number of reads retained
Sfa_lcWGS	*	*	hits_coverage(Sfa)	4.26267255420776	# Estimated coverage from unique hits
Sfa_lcWGS	*	*	hits_length(Sfa)	150.95362273837392	# Average number of aligned bases per unique hit


Sfa_lcWGS	Sfa-ABas_035	*	lib_type	PE	# SE, PE, or * (for both)
Sfa_lcWGS	Sfa-ABas_035	*	seq_reads_pairs	25421337	# Total number of pairs
Sfa_lcWGS	Sfa-ABas_035	*	seq_trash_pe_1	734	# Total number of reads
Sfa_lcWGS	Sfa-ABas_035	*	seq_trash_pe_1_frac	2.887338301679412e-05	# Fraction of PE mate 1 reads trashed
Sfa_lcWGS	Sfa-ABas_035	*	seq_trash_pe_2	734	# Total number of reads
Sfa_lcWGS	Sfa-ABas_035	*	seq_trash_pe_2_frac	2.887338301679412e-05	# Fraction of PE mate 2 reads trashed
Sfa_lcWGS	Sfa-ABas_035	*	seq_collapsed	24531938	# Total number of pairs collapsed into one read
Sfa_lcWGS	Sfa-ABas_035	*	seq_collapsed_frac	0.9650136812237688	# Fraction of PE pairs collapsed into one read
Sfa_lcWGS	Sfa-ABas_035	*	seq_retained_reads	26309268	# Total number of retained reads
Sfa_lcWGS	Sfa-ABas_035	*	seq_retained_nts	3530546648	# Total number of NTs in retained reads
Sfa_lcWGS	Sfa-ABas_035	*	seq_retained_length	134.19402805125554	# Average number of NTs in retained reads

Sfa_lcWGS	Sfa-ABas_035	*	hits_raw(Sfa)	13305591	# Total number of hits (prior to PCR duplicate filtering)
Sfa_lcWGS	Sfa-ABas_035	*	hits_raw_frac(Sfa)	0.50573778791565	# Total number of hits vs. total number of reads retained
Sfa_lcWGS	Sfa-ABas_035	*	hits_clonality(Sfa)	0.38093347375550624	# Fraction of hits that were PCR duplicates
Sfa_lcWGS	Sfa-ABas_035	*	hits_unique(Sfa)	8237046	# Total number of hits (excluding any PCR duplicates)
Sfa_lcWGS	Sfa-ABas_035	*	hits_unique_frac(Sfa)	0.31308533555551604	# Total number of unique hits vs. total number of reads retained
Sfa_lcWGS	Sfa-ABas_035	*	hits_coverage(Sfa)	1.4484972373630056	# Estimated coverage from unique hits
Sfa_lcWGS	Sfa-ABas_035	*	hits_length(Sfa)	125.70263332267417	# Average number of aligned bases per unique hit


Sfa_lcWGS	Sfa-ABas_035	Sfa-ABas_035_Lib1	lib_type	PE	# SE, PE, or * (for both)
Sfa_lcWGS	Sfa-ABas_035	Sfa-ABas_035_Lib1	seq_reads_pairs	25421337	# Total number of pairs
Sfa_lcWGS	Sfa-ABas_035	Sfa-ABas_035_Lib1	seq_trash_pe_1	734	# Total number of reads
Sfa_lcWGS	Sfa-ABas_035	Sfa-ABas_035_Lib1	seq_trash_pe_1_frac	2.887338301679412e-05	# Fraction of PE mate 1 reads trashed
Sfa_lcWGS	Sfa-ABas_035	Sfa-ABas_035_Lib1	seq_trash_pe_2	734	# Total number of reads
Sfa_lcWGS	Sfa-ABas_035	Sfa-ABas_035_Lib1	seq_trash_pe_2_frac	2.887338301679412e-05	# Fraction of PE mate 2 reads trashed
Sfa_lcWGS	Sfa-ABas_035	Sfa-ABas_035_Lib1	seq_collapsed	24531938	# Total number of pairs collapsed into one read
Sfa_lcWGS	Sfa-ABas_035	Sfa-ABas_035_Lib1	seq_collapsed_frac	0.9650136812237688	# Fraction of PE pairs collapsed into one read
Sfa_lcWGS	Sfa-ABas_035	Sfa-ABas_035_Lib1	seq_retained_reads	26309268	# Total number of retained reads
Sfa_lcWGS	Sfa-ABas_035	Sfa-ABas_035_Lib1	seq_retained_nts	3530546648	# Total number of NTs in retained reads
Sfa_lcWGS	Sfa-ABas_035	Sfa-ABas_035_Lib1	seq_retained_length	134.19402805125554	# Average number of NTs in retained reads

Sfa_lcWGS	Sfa-ABas_035	Sfa-ABas_035_Lib1	hits_raw(Sfa)	13305591	# Total number of hits (prior to PCR duplicate filtering)
Sfa_lcWGS	Sfa-ABas_035	Sfa-ABas_035_Lib1	hits_raw_frac(Sfa)	0.50573778791565	# Total number of hits vs. total number of reads retained
Sfa_lcWGS	Sfa-ABas_035	Sfa-ABas_035_Lib1	hits_clonality(Sfa)	0.38093347375550624	# Fraction of hits that were PCR duplicates
Sfa_lcWGS	Sfa-ABas_035	Sfa-ABas_035_Lib1	hits_unique(Sfa)	8237046	# Total number of hits (excluding any PCR duplicates)
Sfa_lcWGS	Sfa-ABas_035	Sfa-ABas_035_Lib1	hits_unique_frac(Sfa)	0.31308533555551604	# Total number of unique hits vs. total number of reads retained
Sfa_lcWGS	Sfa-ABas_035	Sfa-ABas_035_Lib1	hits_coverage(Sfa)	1.4484972373630056	# Estimated coverage from unique hits
Sfa_lcWGS	Sfa-ABas_035	Sfa-ABas_035_Lib1	hits_length(Sfa)	125.70263332267417	# Average number of aligned bases per unique hit


Sfa_lcWGS	Sfa-CBas_032	*	lib_type	PE	# SE, PE, or * (for both)
Sfa_lcWGS	Sfa-CBas_032	*	seq_reads_pairs	8955353	# Total number of pairs
Sfa_lcWGS	Sfa-CBas_032	*	seq_trash_pe_1	251	# Total number of reads
Sfa_lcWGS	Sfa-CBas_032	*	seq_trash_pe_1_frac	2.8027929217307233e-05	# Fraction of PE mate 1 reads trashed
Sfa_lcWGS	Sfa-CBas_032	*	seq_trash_pe_2	251	# Total number of reads
Sfa_lcWGS	Sfa-CBas_032	*	seq_trash_pe_2_frac	2.8027929217307233e-05	# Fraction of PE mate 2 reads trashed
Sfa_lcWGS	Sfa-CBas_032	*	seq_collapsed	7043558	# Total number of pairs collapsed into one read
Sfa_lcWGS	Sfa-CBas_032	*	seq_collapsed_frac	0.786519303035849	# Fraction of PE pairs collapsed into one read
Sfa_lcWGS	Sfa-CBas_032	*	seq_retained_reads	10866646	# Total number of retained reads
Sfa_lcWGS	Sfa-CBas_032	*	seq_retained_nts	1845799477	# Total number of NTs in retained reads
Sfa_lcWGS	Sfa-CBas_032	*	seq_retained_length	169.85917062173553	# Average number of NTs in retained reads

Sfa_lcWGS	Sfa-CBas_032	*	hits_raw(Sfa)	6200062	# Total number of hits (prior to PCR duplicate filtering)
Sfa_lcWGS	Sfa-CBas_032	*	hits_raw_frac(Sfa)	0.5705589378728266	# Total number of hits vs. total number of reads retained
Sfa_lcWGS	Sfa-CBas_032	*	hits_clonality(Sfa)	0.2780285100374803	# Fraction of hits that were PCR duplicates
Sfa_lcWGS	Sfa-CBas_032	*	hits_unique(Sfa)	4476268	# Total number of hits (excluding any PCR duplicates)
Sfa_lcWGS	Sfa-CBas_032	*	hits_unique_frac(Sfa)	0.4119272864874774	# Total number of unique hits vs. total number of reads retained
Sfa_lcWGS	Sfa-CBas_032	*	hits_coverage(Sfa)	1.0423959000617313	# Estimated coverage from unique hits
Sfa_lcWGS	Sfa-CBas_032	*	hits_length(Sfa)	166.46188566010792	# Average number of aligned bases per unique hit


Sfa_lcWGS	Sfa-CBas_032	Sfa-CBas_032_Lib1	lib_type	PE	# SE, PE, or * (for both)
Sfa_lcWGS	Sfa-CBas_032	Sfa-CBas_032_Lib1	seq_reads_pairs	8955353	# Total number of pairs
Sfa_lcWGS	Sfa-CBas_032	Sfa-CBas_032_Lib1	seq_trash_pe_1	251	# Total number of reads
Sfa_lcWGS	Sfa-CBas_032	Sfa-CBas_032_Lib1	seq_trash_pe_1_frac	2.8027929217307233e-05	# Fraction of PE mate 1 reads trashed
Sfa_lcWGS	Sfa-CBas_032	Sfa-CBas_032_Lib1	seq_trash_pe_2	251	# Total number of reads
Sfa_lcWGS	Sfa-CBas_032	Sfa-CBas_032_Lib1	seq_trash_pe_2_frac	2.8027929217307233e-05	# Fraction of PE mate 2 reads trashed
Sfa_lcWGS	Sfa-CBas_032	Sfa-CBas_032_Lib1	seq_collapsed	7043558	# Total number of pairs collapsed into one read
Sfa_lcWGS	Sfa-CBas_032	Sfa-CBas_032_Lib1	seq_collapsed_frac	0.786519303035849	# Fraction of PE pairs collapsed into one read
Sfa_lcWGS	Sfa-CBas_032	Sfa-CBas_032_Lib1	seq_retained_reads	10866646	# Total number of retained reads
Sfa_lcWGS	Sfa-CBas_032	Sfa-CBas_032_Lib1	seq_retained_nts	1845799477	# Total number of NTs in retained reads
Sfa_lcWGS	Sfa-CBas_032	Sfa-CBas_032_Lib1	seq_retained_length	169.85917062173553	# Average number of NTs in retained reads

Sfa_lcWGS	Sfa-CBas_032	Sfa-CBas_032_Lib1	hits_raw(Sfa)	6200062	# Total number of hits (prior to PCR duplicate filtering)
Sfa_lcWGS	Sfa-CBas_032	Sfa-CBas_032_Lib1	hits_raw_frac(Sfa)	0.5705589378728266	# Total number of hits vs. total number of reads retained
Sfa_lcWGS	Sfa-CBas_032	Sfa-CBas_032_Lib1	hits_clonality(Sfa)	0.2780285100374803	# Fraction of hits that were PCR duplicates
Sfa_lcWGS	Sfa-CBas_032	Sfa-CBas_032_Lib1	hits_unique(Sfa)	4476268	# Total number of hits (excluding any PCR duplicates)
Sfa_lcWGS	Sfa-CBas_032	Sfa-CBas_032_Lib1	hits_unique_frac(Sfa)	0.4119272864874774	# Total number of unique hits vs. total number of reads retained
Sfa_lcWGS	Sfa-CBas_032	Sfa-CBas_032_Lib1	hits_coverage(Sfa)	1.0423959000617313	# Estimated coverage from unique hits
Sfa_lcWGS	Sfa-CBas_032	Sfa-CBas_032_Lib1	hits_length(Sfa)	166.46188566010792	# Average number of aligned bases per unique hit


Sfa_lcWGS	Sfa-CBas_042	*	lib_type	PE	# SE, PE, or * (for both)
Sfa_lcWGS	Sfa-CBas_042	*	seq_reads_pairs	5853841	# Total number of pairs
Sfa_lcWGS	Sfa-CBas_042	*	seq_trash_pe_1	136	# Total number of reads
Sfa_lcWGS	Sfa-CBas_042	*	seq_trash_pe_1_frac	2.323260915354551e-05	# Fraction of PE mate 1 reads trashed
Sfa_lcWGS	Sfa-CBas_042	*	seq_trash_pe_2	136	# Total number of reads
Sfa_lcWGS	Sfa-CBas_042	*	seq_trash_pe_2_frac	2.323260915354551e-05	# Fraction of PE mate 2 reads trashed
Sfa_lcWGS	Sfa-CBas_042	*	seq_collapsed	4970915	# Total number of pairs collapsed into one read
Sfa_lcWGS	Sfa-CBas_042	*	seq_collapsed_frac	0.8491715097830638	# Fraction of PE pairs collapsed into one read
Sfa_lcWGS	Sfa-CBas_042	*	seq_retained_reads	6736495	# Total number of retained reads
Sfa_lcWGS	Sfa-CBas_042	*	seq_retained_nts	1162632809	# Total number of NTs in retained reads
Sfa_lcWGS	Sfa-CBas_042	*	seq_retained_length	172.5871998717434	# Average number of NTs in retained reads

Sfa_lcWGS	Sfa-CBas_042	*	hits_raw(Sfa)	3990828	# Total number of hits (prior to PCR duplicate filtering)
Sfa_lcWGS	Sfa-CBas_042	*	hits_raw_frac(Sfa)	0.5924190547161394	# Total number of hits vs. total number of reads retained
Sfa_lcWGS	Sfa-CBas_042	*	hits_clonality(Sfa)	0.26306245220290125	# Fraction of hits that were PCR duplicates
Sfa_lcWGS	Sfa-CBas_042	*	hits_unique(Sfa)	2940991	# Total number of hits (excluding any PCR duplicates)
Sfa_lcWGS	Sfa-CBas_042	*	hits_unique_frac(Sfa)	0.4365758454507871	# Total number of unique hits vs. total number of reads retained
Sfa_lcWGS	Sfa-CBas_042	*	hits_coverage(Sfa)	0.6961912039502619	# Estimated coverage from unique hits
Sfa_lcWGS	Sfa-CBas_042	*	hits_length(Sfa)	169.21272999475346	# Average number of aligned bases per unique hit


Sfa_lcWGS	Sfa-CBas_042	Sfa-CBas_042_Lib1	lib_type	PE	# SE, PE, or * (for both)
Sfa_lcWGS	Sfa-CBas_042	Sfa-CBas_042_Lib1	seq_reads_pairs	5853841	# Total number of pairs
Sfa_lcWGS	Sfa-CBas_042	Sfa-CBas_042_Lib1	seq_trash_pe_1	136	# Total number of reads
Sfa_lcWGS	Sfa-CBas_042	Sfa-CBas_042_Lib1	seq_trash_pe_1_frac	2.323260915354551e-05	# Fraction of PE mate 1 reads trashed
Sfa_lcWGS	Sfa-CBas_042	Sfa-CBas_042_Lib1	seq_trash_pe_2	136	# Total number of reads
Sfa_lcWGS	Sfa-CBas_042	Sfa-CBas_042_Lib1	seq_trash_pe_2_frac	2.323260915354551e-05	# Fraction of PE mate 2 reads trashed
Sfa_lcWGS	Sfa-CBas_042	Sfa-CBas_042_Lib1	seq_collapsed	4970915	# Total number of pairs collapsed into one read
Sfa_lcWGS	Sfa-CBas_042	Sfa-CBas_042_Lib1	seq_collapsed_frac	0.8491715097830638	# Fraction of PE pairs collapsed into one read
Sfa_lcWGS	Sfa-CBas_042	Sfa-CBas_042_Lib1	seq_retained_reads	6736495	# Total number of retained reads
Sfa_lcWGS	Sfa-CBas_042	Sfa-CBas_042_Lib1	seq_retained_nts	1162632809	# Total number of NTs in retained reads
Sfa_lcWGS	Sfa-CBas_042	Sfa-CBas_042_Lib1	seq_retained_length	172.5871998717434	# Average number of NTs in retained reads

Sfa_lcWGS	Sfa-CBas_042	Sfa-CBas_042_Lib1	hits_raw(Sfa)	3990828	# Total number of hits (prior to PCR duplicate filtering)
Sfa_lcWGS	Sfa-CBas_042	Sfa-CBas_042_Lib1	hits_raw_frac(Sfa)	0.5924190547161394	# Total number of hits vs. total number of reads retained
Sfa_lcWGS	Sfa-CBas_042	Sfa-CBas_042_Lib1	hits_clonality(Sfa)	0.26306245220290125	# Fraction of hits that were PCR duplicates
Sfa_lcWGS	Sfa-CBas_042	Sfa-CBas_042_Lib1	hits_unique(Sfa)	2940991	# Total number of hits (excluding any PCR duplicates)
Sfa_lcWGS	Sfa-CBas_042	Sfa-CBas_042_Lib1	hits_unique_frac(Sfa)	0.4365758454507871	# Total number of unique hits vs. total number of reads retained
Sfa_lcWGS	Sfa-CBas_042	Sfa-CBas_042_Lib1	hits_coverage(Sfa)	0.6961912039502619	# Estimated coverage from unique hits
Sfa_lcWGS	Sfa-CBas_042	Sfa-CBas_042_Lib1	hits_length(Sfa)	169.21272999475346	# Average number of aligned bases per unique hit


Sfa_lcWGS	Sfa-CBas_061	*	lib_type	PE	# SE, PE, or * (for both)
Sfa_lcWGS	Sfa-CBas_061	*	seq_reads_pairs	9103150	# Total number of pairs
Sfa_lcWGS	Sfa-CBas_061	*	seq_trash_pe_1	407	# Total number of reads
Sfa_lcWGS	Sfa-CBas_061	*	seq_trash_pe_1_frac	4.4709798256647423e-05	# Fraction of PE mate 1 reads trashed
Sfa_lcWGS	Sfa-CBas_061	*	seq_trash_pe_2	407	# Total number of reads
Sfa_lcWGS	Sfa-CBas_061	*	seq_trash_pe_2_frac	4.4709798256647423e-05	# Fraction of PE mate 2 reads trashed
Sfa_lcWGS	Sfa-CBas_061	*	seq_collapsed	5944354	# Total number of pairs collapsed into one read
Sfa_lcWGS	Sfa-CBas_061	*	seq_collapsed_frac	0.6529996759363517	# Fraction of PE pairs collapsed into one read
Sfa_lcWGS	Sfa-CBas_061	*	seq_retained_reads	12261132	# Total number of retained reads
Sfa_lcWGS	Sfa-CBas_061	*	seq_retained_nts	2106494552	# Total number of NTs in retained reads
Sfa_lcWGS	Sfa-CBas_061	*	seq_retained_length	171.80261594117084	# Average number of NTs in retained reads

Sfa_lcWGS	Sfa-CBas_061	*	hits_raw(Sfa)	6647714	# Total number of hits (prior to PCR duplicate filtering)
Sfa_lcWGS	Sfa-CBas_061	*	hits_raw_frac(Sfa)	0.5421778348035076	# Total number of hits vs. total number of reads retained
Sfa_lcWGS	Sfa-CBas_061	*	hits_clonality(Sfa)	0.31840313828182143	# Fraction of hits that were PCR duplicates
Sfa_lcWGS	Sfa-CBas_061	*	hits_unique(Sfa)	4531061	# Total number of hits (excluding any PCR duplicates)
Sfa_lcWGS	Sfa-CBas_061	*	hits_unique_frac(Sfa)	0.3695467106952278	# Total number of unique hits vs. total number of reads retained
Sfa_lcWGS	Sfa-CBas_061	*	hits_coverage(Sfa)	1.0755882128327612	# Estimated coverage from unique hits
Sfa_lcWGS	Sfa-CBas_061	*	hits_length(Sfa)	169.68533926159898	# Average number of aligned bases per unique hit


Sfa_lcWGS	Sfa-CBas_061	Sfa-CBas_061_Lib1	lib_type	PE	# SE, PE, or * (for both)
Sfa_lcWGS	Sfa-CBas_061	Sfa-CBas_061_Lib1	seq_reads_pairs	9103150	# Total number of pairs
Sfa_lcWGS	Sfa-CBas_061	Sfa-CBas_061_Lib1	seq_trash_pe_1	407	# Total number of reads
Sfa_lcWGS	Sfa-CBas_061	Sfa-CBas_061_Lib1	seq_trash_pe_1_frac	4.4709798256647423e-05	# Fraction of PE mate 1 reads trashed
Sfa_lcWGS	Sfa-CBas_061	Sfa-CBas_061_Lib1	seq_trash_pe_2	407	# Total number of reads
Sfa_lcWGS	Sfa-CBas_061	Sfa-CBas_061_Lib1	seq_trash_pe_2_frac	4.4709798256647423e-05	# Fraction of PE mate 2 reads trashed
Sfa_lcWGS	Sfa-CBas_061	Sfa-CBas_061_Lib1	seq_collapsed	5944354	# Total number of pairs collapsed into one read
Sfa_lcWGS	Sfa-CBas_061	Sfa-CBas_061_Lib1	seq_collapsed_frac	0.6529996759363517	# Fraction of PE pairs collapsed into one read
Sfa_lcWGS	Sfa-CBas_061	Sfa-CBas_061_Lib1	seq_retained_reads	12261132	# Total number of retained reads
Sfa_lcWGS	Sfa-CBas_061	Sfa-CBas_061_Lib1	seq_retained_nts	2106494552	# Total number of NTs in retained reads
Sfa_lcWGS	Sfa-CBas_061	Sfa-CBas_061_Lib1	seq_retained_length	171.80261594117084	# Average number of NTs in retained reads

Sfa_lcWGS	Sfa-CBas_061	Sfa-CBas_061_Lib1	hits_raw(Sfa)	6647714	# Total number of hits (prior to PCR duplicate filtering)
Sfa_lcWGS	Sfa-CBas_061	Sfa-CBas_061_Lib1	hits_raw_frac(Sfa)	0.5421778348035076	# Total number of hits vs. total number of reads retained
Sfa_lcWGS	Sfa-CBas_061	Sfa-CBas_061_Lib1	hits_clonality(Sfa)	0.31840313828182143	# Fraction of hits that were PCR duplicates
Sfa_lcWGS	Sfa-CBas_061	Sfa-CBas_061_Lib1	hits_unique(Sfa)	4531061	# Total number of hits (excluding any PCR duplicates)
Sfa_lcWGS	Sfa-CBas_061	Sfa-CBas_061_Lib1	hits_unique_frac(Sfa)	0.3695467106952278	# Total number of unique hits vs. total number of reads retained
Sfa_lcWGS	Sfa-CBas_061	Sfa-CBas_061_Lib1	hits_coverage(Sfa)	1.0755882128327612	# Estimated coverage from unique hits
Sfa_lcWGS	Sfa-CBas_061	Sfa-CBas_061_Lib1	hits_length(Sfa)	169.68533926159898	# Average number of aligned bases per unique hit


