# Command:
#     /opt/paleomix/bin/paleomix bam run makefile.yaml
#
# Directory:
#     /home/e1garcia/shotgun_PIRE/pire_lcwgs_data_processing/salarias_fasciatus/1st_sequencing_run/PALEOMIX
#
# Genomes:
#     Name       Contigs    Size         Prefix
#     fSalaFa    23         714822470    /home/e1garcia/shotgun_PIRE/pire_lcwgs_data_processing/salarias_fasciatus/1st_sequencing_run/refGenome/GCF_902148845.1_fSalaFa1.1_chr1-23-mtgen.fasta
#
# Regions Of Interest:
#     Genome    ROI    Size    NFeatures    NIntervals    Path
#
#
Target	Sample	Library	Measure	Value	# Description
Sfa-CBas_027	*	*	lib_type	PE	# SE, PE, or * (for both)
Sfa-CBas_027	*	*	seq_reads_pairs	3339042	# Total number of pairs
Sfa-CBas_027	*	*	seq_trash_pe_1	19	# Total number of reads
Sfa-CBas_027	*	*	seq_trash_pe_1_frac	5.690254869510476e-06	# Fraction of PE mate 1 reads trashed
Sfa-CBas_027	*	*	seq_trash_pe_2	19	# Total number of reads
Sfa-CBas_027	*	*	seq_trash_pe_2_frac	5.690254869510476e-06	# Fraction of PE mate 2 reads trashed
Sfa-CBas_027	*	*	seq_collapsed	2782683	# Total number of pairs collapsed into one read
Sfa-CBas_027	*	*	seq_collapsed_frac	0.8333776574238958	# Fraction of PE pairs collapsed into one read
Sfa-CBas_027	*	*	seq_retained_reads	3895363	# Total number of retained reads
Sfa-CBas_027	*	*	seq_retained_nts	573189893	# Total number of NTs in retained reads
Sfa-CBas_027	*	*	seq_retained_length	147.1467211143095	# Average number of NTs in retained reads

Sfa-CBas_027	*	*	hits_raw(fSalaFa)	2490530	# Total number of hits (prior to PCR duplicate filtering)
Sfa-CBas_027	*	*	hits_raw_frac(fSalaFa)	0.6393576157087285	# Total number of hits vs. total number of reads retained
Sfa-CBas_027	*	*	hits_clonality(fSalaFa)	0.04134019666496691	# Fraction of hits that were PCR duplicates
Sfa-CBas_027	*	*	hits_unique(fSalaFa)	2387571	# Total number of hits (excluding any PCR duplicates)
Sfa-CBas_027	*	*	hits_unique_frac(fSalaFa)	0.6129264461360854	# Total number of unique hits vs. total number of reads retained
Sfa-CBas_027	*	*	hits_coverage(fSalaFa)	0.48781280196745913	# Estimated coverage from unique hits
Sfa-CBas_027	*	*	hits_length(fSalaFa)	146.04782517462309	# Average number of aligned bases per unique hit


Sfa-CBas_027	Sfa-CBas_027	*	lib_type	PE	# SE, PE, or * (for both)
Sfa-CBas_027	Sfa-CBas_027	*	seq_reads_pairs	3339042	# Total number of pairs
Sfa-CBas_027	Sfa-CBas_027	*	seq_trash_pe_1	19	# Total number of reads
Sfa-CBas_027	Sfa-CBas_027	*	seq_trash_pe_1_frac	5.690254869510476e-06	# Fraction of PE mate 1 reads trashed
Sfa-CBas_027	Sfa-CBas_027	*	seq_trash_pe_2	19	# Total number of reads
Sfa-CBas_027	Sfa-CBas_027	*	seq_trash_pe_2_frac	5.690254869510476e-06	# Fraction of PE mate 2 reads trashed
Sfa-CBas_027	Sfa-CBas_027	*	seq_collapsed	2782683	# Total number of pairs collapsed into one read
Sfa-CBas_027	Sfa-CBas_027	*	seq_collapsed_frac	0.8333776574238958	# Fraction of PE pairs collapsed into one read
Sfa-CBas_027	Sfa-CBas_027	*	seq_retained_reads	3895363	# Total number of retained reads
Sfa-CBas_027	Sfa-CBas_027	*	seq_retained_nts	573189893	# Total number of NTs in retained reads
Sfa-CBas_027	Sfa-CBas_027	*	seq_retained_length	147.1467211143095	# Average number of NTs in retained reads

Sfa-CBas_027	Sfa-CBas_027	*	hits_raw(fSalaFa)	2490530	# Total number of hits (prior to PCR duplicate filtering)
Sfa-CBas_027	Sfa-CBas_027	*	hits_raw_frac(fSalaFa)	0.6393576157087285	# Total number of hits vs. total number of reads retained
Sfa-CBas_027	Sfa-CBas_027	*	hits_clonality(fSalaFa)	0.04134019666496691	# Fraction of hits that were PCR duplicates
Sfa-CBas_027	Sfa-CBas_027	*	hits_unique(fSalaFa)	2387571	# Total number of hits (excluding any PCR duplicates)
Sfa-CBas_027	Sfa-CBas_027	*	hits_unique_frac(fSalaFa)	0.6129264461360854	# Total number of unique hits vs. total number of reads retained
Sfa-CBas_027	Sfa-CBas_027	*	hits_coverage(fSalaFa)	0.48781280196745913	# Estimated coverage from unique hits
Sfa-CBas_027	Sfa-CBas_027	*	hits_length(fSalaFa)	146.04782517462309	# Average number of aligned bases per unique hit


Sfa-CBas_027	Sfa-CBas_027	Sfa-CBas_027_Lib1	lib_type	PE	# SE, PE, or * (for both)
Sfa-CBas_027	Sfa-CBas_027	Sfa-CBas_027_Lib1	seq_reads_pairs	3339042	# Total number of pairs
Sfa-CBas_027	Sfa-CBas_027	Sfa-CBas_027_Lib1	seq_trash_pe_1	19	# Total number of reads
Sfa-CBas_027	Sfa-CBas_027	Sfa-CBas_027_Lib1	seq_trash_pe_1_frac	5.690254869510476e-06	# Fraction of PE mate 1 reads trashed
Sfa-CBas_027	Sfa-CBas_027	Sfa-CBas_027_Lib1	seq_trash_pe_2	19	# Total number of reads
Sfa-CBas_027	Sfa-CBas_027	Sfa-CBas_027_Lib1	seq_trash_pe_2_frac	5.690254869510476e-06	# Fraction of PE mate 2 reads trashed
Sfa-CBas_027	Sfa-CBas_027	Sfa-CBas_027_Lib1	seq_collapsed	2782683	# Total number of pairs collapsed into one read
Sfa-CBas_027	Sfa-CBas_027	Sfa-CBas_027_Lib1	seq_collapsed_frac	0.8333776574238958	# Fraction of PE pairs collapsed into one read
Sfa-CBas_027	Sfa-CBas_027	Sfa-CBas_027_Lib1	seq_retained_reads	3895363	# Total number of retained reads
Sfa-CBas_027	Sfa-CBas_027	Sfa-CBas_027_Lib1	seq_retained_nts	573189893	# Total number of NTs in retained reads
Sfa-CBas_027	Sfa-CBas_027	Sfa-CBas_027_Lib1	seq_retained_length	147.1467211143095	# Average number of NTs in retained reads

Sfa-CBas_027	Sfa-CBas_027	Sfa-CBas_027_Lib1	hits_raw(fSalaFa)	2490530	# Total number of hits (prior to PCR duplicate filtering)
Sfa-CBas_027	Sfa-CBas_027	Sfa-CBas_027_Lib1	hits_raw_frac(fSalaFa)	0.6393576157087285	# Total number of hits vs. total number of reads retained
Sfa-CBas_027	Sfa-CBas_027	Sfa-CBas_027_Lib1	hits_clonality(fSalaFa)	0.04134019666496691	# Fraction of hits that were PCR duplicates
Sfa-CBas_027	Sfa-CBas_027	Sfa-CBas_027_Lib1	hits_unique(fSalaFa)	2387571	# Total number of hits (excluding any PCR duplicates)
Sfa-CBas_027	Sfa-CBas_027	Sfa-CBas_027_Lib1	hits_unique_frac(fSalaFa)	0.6129264461360854	# Total number of unique hits vs. total number of reads retained
Sfa-CBas_027	Sfa-CBas_027	Sfa-CBas_027_Lib1	hits_coverage(fSalaFa)	0.48781280196745913	# Estimated coverage from unique hits
Sfa-CBas_027	Sfa-CBas_027	Sfa-CBas_027_Lib1	hits_length(fSalaFa)	146.04782517462309	# Average number of aligned bases per unique hit


