# Command:
#     /opt/paleomix/bin/paleomix bam run makefile.yaml
#
# Directory:
#     /home/e1garcia/shotgun_PIRE/pire_lcwgs_data_processing/salarias_fasciatus/1st_sequencing_run/PALEOMIX
#
# Genomes:
#     Name       Contigs    Size         Prefix
#     fSalaFa    23         714822470    /home/e1garcia/shotgun_PIRE/pire_lcwgs_data_processing/salarias_fasciatus/1st_sequencing_run/refGenome/GCF_902148845.1_fSalaFa1.1_chr1-23-mtgen.fasta
#
# Regions Of Interest:
#     Genome    ROI    Size    NFeatures    NIntervals    Path
#
#
Target	Sample	Library	Measure	Value	# Description
Sfa-CBas_066	*	*	lib_type	PE	# SE, PE, or * (for both)
Sfa-CBas_066	*	*	seq_reads_pairs	5776925	# Total number of pairs
Sfa-CBas_066	*	*	seq_trash_pe_1	52	# Total number of reads
Sfa-CBas_066	*	*	seq_trash_pe_1_frac	9.001328561475179e-06	# Fraction of PE mate 1 reads trashed
Sfa-CBas_066	*	*	seq_trash_pe_2	52	# Total number of reads
Sfa-CBas_066	*	*	seq_trash_pe_2_frac	9.001328561475179e-06	# Fraction of PE mate 2 reads trashed
Sfa-CBas_066	*	*	seq_collapsed	3700709	# Total number of pairs collapsed into one read
Sfa-CBas_066	*	*	seq_collapsed_frac	0.6406018772963125	# Fraction of PE pairs collapsed into one read
Sfa-CBas_066	*	*	seq_retained_reads	7853037	# Total number of retained reads
Sfa-CBas_066	*	*	seq_retained_nts	1153971763	# Total number of NTs in retained reads
Sfa-CBas_066	*	*	seq_retained_length	146.945922068112	# Average number of NTs in retained reads

Sfa-CBas_066	*	*	hits_raw(fSalaFa)	4852484	# Total number of hits (prior to PCR duplicate filtering)
Sfa-CBas_066	*	*	hits_raw_frac(fSalaFa)	0.6179117709492519	# Total number of hits vs. total number of reads retained
Sfa-CBas_066	*	*	hits_clonality(fSalaFa)	0.05982626629989918	# Fraction of hits that were PCR duplicates
Sfa-CBas_066	*	*	hits_unique(fSalaFa)	4562178	# Total number of hits (excluding any PCR duplicates)
Sfa-CBas_066	*	*	hits_unique_frac(fSalaFa)	0.5809444167905996	# Total number of unique hits vs. total number of reads retained
Sfa-CBas_066	*	*	hits_coverage(fSalaFa)	0.9333047784577897	# Estimated coverage from unique hits
Sfa-CBas_066	*	*	hits_length(fSalaFa)	146.23437029418844	# Average number of aligned bases per unique hit


Sfa-CBas_066	Sfa-CBas_066	*	lib_type	PE	# SE, PE, or * (for both)
Sfa-CBas_066	Sfa-CBas_066	*	seq_reads_pairs	5776925	# Total number of pairs
Sfa-CBas_066	Sfa-CBas_066	*	seq_trash_pe_1	52	# Total number of reads
Sfa-CBas_066	Sfa-CBas_066	*	seq_trash_pe_1_frac	9.001328561475179e-06	# Fraction of PE mate 1 reads trashed
Sfa-CBas_066	Sfa-CBas_066	*	seq_trash_pe_2	52	# Total number of reads
Sfa-CBas_066	Sfa-CBas_066	*	seq_trash_pe_2_frac	9.001328561475179e-06	# Fraction of PE mate 2 reads trashed
Sfa-CBas_066	Sfa-CBas_066	*	seq_collapsed	3700709	# Total number of pairs collapsed into one read
Sfa-CBas_066	Sfa-CBas_066	*	seq_collapsed_frac	0.6406018772963125	# Fraction of PE pairs collapsed into one read
Sfa-CBas_066	Sfa-CBas_066	*	seq_retained_reads	7853037	# Total number of retained reads
Sfa-CBas_066	Sfa-CBas_066	*	seq_retained_nts	1153971763	# Total number of NTs in retained reads
Sfa-CBas_066	Sfa-CBas_066	*	seq_retained_length	146.945922068112	# Average number of NTs in retained reads

Sfa-CBas_066	Sfa-CBas_066	*	hits_raw(fSalaFa)	4852484	# Total number of hits (prior to PCR duplicate filtering)
Sfa-CBas_066	Sfa-CBas_066	*	hits_raw_frac(fSalaFa)	0.6179117709492519	# Total number of hits vs. total number of reads retained
Sfa-CBas_066	Sfa-CBas_066	*	hits_clonality(fSalaFa)	0.05982626629989918	# Fraction of hits that were PCR duplicates
Sfa-CBas_066	Sfa-CBas_066	*	hits_unique(fSalaFa)	4562178	# Total number of hits (excluding any PCR duplicates)
Sfa-CBas_066	Sfa-CBas_066	*	hits_unique_frac(fSalaFa)	0.5809444167905996	# Total number of unique hits vs. total number of reads retained
Sfa-CBas_066	Sfa-CBas_066	*	hits_coverage(fSalaFa)	0.9333047784577897	# Estimated coverage from unique hits
Sfa-CBas_066	Sfa-CBas_066	*	hits_length(fSalaFa)	146.23437029418844	# Average number of aligned bases per unique hit


Sfa-CBas_066	Sfa-CBas_066	Sfa-CBas_066_Lib2	lib_type	PE	# SE, PE, or * (for both)
Sfa-CBas_066	Sfa-CBas_066	Sfa-CBas_066_Lib2	seq_reads_pairs	5776925	# Total number of pairs
Sfa-CBas_066	Sfa-CBas_066	Sfa-CBas_066_Lib2	seq_trash_pe_1	52	# Total number of reads
Sfa-CBas_066	Sfa-CBas_066	Sfa-CBas_066_Lib2	seq_trash_pe_1_frac	9.001328561475179e-06	# Fraction of PE mate 1 reads trashed
Sfa-CBas_066	Sfa-CBas_066	Sfa-CBas_066_Lib2	seq_trash_pe_2	52	# Total number of reads
Sfa-CBas_066	Sfa-CBas_066	Sfa-CBas_066_Lib2	seq_trash_pe_2_frac	9.001328561475179e-06	# Fraction of PE mate 2 reads trashed
Sfa-CBas_066	Sfa-CBas_066	Sfa-CBas_066_Lib2	seq_collapsed	3700709	# Total number of pairs collapsed into one read
Sfa-CBas_066	Sfa-CBas_066	Sfa-CBas_066_Lib2	seq_collapsed_frac	0.6406018772963125	# Fraction of PE pairs collapsed into one read
Sfa-CBas_066	Sfa-CBas_066	Sfa-CBas_066_Lib2	seq_retained_reads	7853037	# Total number of retained reads
Sfa-CBas_066	Sfa-CBas_066	Sfa-CBas_066_Lib2	seq_retained_nts	1153971763	# Total number of NTs in retained reads
Sfa-CBas_066	Sfa-CBas_066	Sfa-CBas_066_Lib2	seq_retained_length	146.945922068112	# Average number of NTs in retained reads

Sfa-CBas_066	Sfa-CBas_066	Sfa-CBas_066_Lib2	hits_raw(fSalaFa)	4852484	# Total number of hits (prior to PCR duplicate filtering)
Sfa-CBas_066	Sfa-CBas_066	Sfa-CBas_066_Lib2	hits_raw_frac(fSalaFa)	0.6179117709492519	# Total number of hits vs. total number of reads retained
Sfa-CBas_066	Sfa-CBas_066	Sfa-CBas_066_Lib2	hits_clonality(fSalaFa)	0.05982626629989918	# Fraction of hits that were PCR duplicates
Sfa-CBas_066	Sfa-CBas_066	Sfa-CBas_066_Lib2	hits_unique(fSalaFa)	4562178	# Total number of hits (excluding any PCR duplicates)
Sfa-CBas_066	Sfa-CBas_066	Sfa-CBas_066_Lib2	hits_unique_frac(fSalaFa)	0.5809444167905996	# Total number of unique hits vs. total number of reads retained
Sfa-CBas_066	Sfa-CBas_066	Sfa-CBas_066_Lib2	hits_coverage(fSalaFa)	0.9333047784577897	# Estimated coverage from unique hits
Sfa-CBas_066	Sfa-CBas_066	Sfa-CBas_066_Lib2	hits_length(fSalaFa)	146.23437029418844	# Average number of aligned bases per unique hit


