# Command:
#     /opt/paleomix/bin/paleomix bam run makefile.yaml
#
# Directory:
#     /home/e1garcia/shotgun_PIRE/pire_lcwgs_data_processing/salarias_fasciatus/1st_sequencing_run/PALEOMIX
#
# Genomes:
#     Name       Contigs    Size         Prefix
#     fSalaFa    23         714822470    /home/e1garcia/shotgun_PIRE/pire_lcwgs_data_processing/salarias_fasciatus/1st_sequencing_run/refGenome/GCF_902148845.1_fSalaFa1.1_chr1-23-mtgen.fasta
#
# Regions Of Interest:
#     Genome    ROI    Size    NFeatures    NIntervals    Path
#
#
Target	Sample	Library	Measure	Value	# Description
Sfa-ABas_029	*	*	lib_type	PE	# SE, PE, or * (for both)
Sfa-ABas_029	*	*	seq_reads_pairs	16332644	# Total number of pairs
Sfa-ABas_029	*	*	seq_trash_pe_1	3467	# Total number of reads
Sfa-ABas_029	*	*	seq_trash_pe_1_frac	0.00021227426496285597	# Fraction of PE mate 1 reads trashed
Sfa-ABas_029	*	*	seq_trash_pe_2	3467	# Total number of reads
Sfa-ABas_029	*	*	seq_trash_pe_2_frac	0.00021227426496285597	# Fraction of PE mate 2 reads trashed
Sfa-ABas_029	*	*	seq_collapsed	15450897	# Total number of pairs collapsed into one read
Sfa-ABas_029	*	*	seq_collapsed_frac	0.9460132113330824	# Fraction of PE pairs collapsed into one read
Sfa-ABas_029	*	*	seq_retained_reads	17207457	# Total number of retained reads
Sfa-ABas_029	*	*	seq_retained_nts	1866826320	# Total number of NTs in retained reads
Sfa-ABas_029	*	*	seq_retained_length	108.48937876177753	# Average number of NTs in retained reads

Sfa-ABas_029	*	*	hits_raw(fSalaFa)	8793190	# Total number of hits (prior to PCR duplicate filtering)
Sfa-ABas_029	*	*	hits_raw_frac(fSalaFa)	0.5110104299548737	# Total number of hits vs. total number of reads retained
Sfa-ABas_029	*	*	hits_clonality(fSalaFa)	0.031156497243889913	# Fraction of hits that were PCR duplicates
Sfa-ABas_029	*	*	hits_unique(fSalaFa)	8519225	# Total number of hits (excluding any PCR duplicates)
Sfa-ABas_029	*	*	hits_unique_frac(fSalaFa)	0.49508913490238565	# Total number of unique hits vs. total number of reads retained
Sfa-ABas_029	*	*	hits_coverage(fSalaFa)	1.2179559814341034	# Estimated coverage from unique hits
Sfa-ABas_029	*	*	hits_length(fSalaFa)	102.19501222235591	# Average number of aligned bases per unique hit


Sfa-ABas_029	Sfa-ABas_029	*	lib_type	PE	# SE, PE, or * (for both)
Sfa-ABas_029	Sfa-ABas_029	*	seq_reads_pairs	16332644	# Total number of pairs
Sfa-ABas_029	Sfa-ABas_029	*	seq_trash_pe_1	3467	# Total number of reads
Sfa-ABas_029	Sfa-ABas_029	*	seq_trash_pe_1_frac	0.00021227426496285597	# Fraction of PE mate 1 reads trashed
Sfa-ABas_029	Sfa-ABas_029	*	seq_trash_pe_2	3467	# Total number of reads
Sfa-ABas_029	Sfa-ABas_029	*	seq_trash_pe_2_frac	0.00021227426496285597	# Fraction of PE mate 2 reads trashed
Sfa-ABas_029	Sfa-ABas_029	*	seq_collapsed	15450897	# Total number of pairs collapsed into one read
Sfa-ABas_029	Sfa-ABas_029	*	seq_collapsed_frac	0.9460132113330824	# Fraction of PE pairs collapsed into one read
Sfa-ABas_029	Sfa-ABas_029	*	seq_retained_reads	17207457	# Total number of retained reads
Sfa-ABas_029	Sfa-ABas_029	*	seq_retained_nts	1866826320	# Total number of NTs in retained reads
Sfa-ABas_029	Sfa-ABas_029	*	seq_retained_length	108.48937876177753	# Average number of NTs in retained reads

Sfa-ABas_029	Sfa-ABas_029	*	hits_raw(fSalaFa)	8793190	# Total number of hits (prior to PCR duplicate filtering)
Sfa-ABas_029	Sfa-ABas_029	*	hits_raw_frac(fSalaFa)	0.5110104299548737	# Total number of hits vs. total number of reads retained
Sfa-ABas_029	Sfa-ABas_029	*	hits_clonality(fSalaFa)	0.031156497243889913	# Fraction of hits that were PCR duplicates
Sfa-ABas_029	Sfa-ABas_029	*	hits_unique(fSalaFa)	8519225	# Total number of hits (excluding any PCR duplicates)
Sfa-ABas_029	Sfa-ABas_029	*	hits_unique_frac(fSalaFa)	0.49508913490238565	# Total number of unique hits vs. total number of reads retained
Sfa-ABas_029	Sfa-ABas_029	*	hits_coverage(fSalaFa)	1.2179559814341034	# Estimated coverage from unique hits
Sfa-ABas_029	Sfa-ABas_029	*	hits_length(fSalaFa)	102.19501222235591	# Average number of aligned bases per unique hit


Sfa-ABas_029	Sfa-ABas_029	Sfa-ABas_029_Lib1	lib_type	PE	# SE, PE, or * (for both)
Sfa-ABas_029	Sfa-ABas_029	Sfa-ABas_029_Lib1	seq_reads_pairs	16332644	# Total number of pairs
Sfa-ABas_029	Sfa-ABas_029	Sfa-ABas_029_Lib1	seq_trash_pe_1	3467	# Total number of reads
Sfa-ABas_029	Sfa-ABas_029	Sfa-ABas_029_Lib1	seq_trash_pe_1_frac	0.00021227426496285597	# Fraction of PE mate 1 reads trashed
Sfa-ABas_029	Sfa-ABas_029	Sfa-ABas_029_Lib1	seq_trash_pe_2	3467	# Total number of reads
Sfa-ABas_029	Sfa-ABas_029	Sfa-ABas_029_Lib1	seq_trash_pe_2_frac	0.00021227426496285597	# Fraction of PE mate 2 reads trashed
Sfa-ABas_029	Sfa-ABas_029	Sfa-ABas_029_Lib1	seq_collapsed	15450897	# Total number of pairs collapsed into one read
Sfa-ABas_029	Sfa-ABas_029	Sfa-ABas_029_Lib1	seq_collapsed_frac	0.9460132113330824	# Fraction of PE pairs collapsed into one read
Sfa-ABas_029	Sfa-ABas_029	Sfa-ABas_029_Lib1	seq_retained_reads	17207457	# Total number of retained reads
Sfa-ABas_029	Sfa-ABas_029	Sfa-ABas_029_Lib1	seq_retained_nts	1866826320	# Total number of NTs in retained reads
Sfa-ABas_029	Sfa-ABas_029	Sfa-ABas_029_Lib1	seq_retained_length	108.48937876177753	# Average number of NTs in retained reads

Sfa-ABas_029	Sfa-ABas_029	Sfa-ABas_029_Lib1	hits_raw(fSalaFa)	8793190	# Total number of hits (prior to PCR duplicate filtering)
Sfa-ABas_029	Sfa-ABas_029	Sfa-ABas_029_Lib1	hits_raw_frac(fSalaFa)	0.5110104299548737	# Total number of hits vs. total number of reads retained
Sfa-ABas_029	Sfa-ABas_029	Sfa-ABas_029_Lib1	hits_clonality(fSalaFa)	0.031156497243889913	# Fraction of hits that were PCR duplicates
Sfa-ABas_029	Sfa-ABas_029	Sfa-ABas_029_Lib1	hits_unique(fSalaFa)	8519225	# Total number of hits (excluding any PCR duplicates)
Sfa-ABas_029	Sfa-ABas_029	Sfa-ABas_029_Lib1	hits_unique_frac(fSalaFa)	0.49508913490238565	# Total number of unique hits vs. total number of reads retained
Sfa-ABas_029	Sfa-ABas_029	Sfa-ABas_029_Lib1	hits_coverage(fSalaFa)	1.2179559814341034	# Estimated coverage from unique hits
Sfa-ABas_029	Sfa-ABas_029	Sfa-ABas_029_Lib1	hits_length(fSalaFa)	102.19501222235591	# Average number of aligned bases per unique hit


