# Command:
#     /opt/paleomix/bin/paleomix bam run makefile.yaml
#
# Directory:
#     /home/e1garcia/shotgun_PIRE/pire_lcwgs_data_processing/salarias_fasciatus/1st_sequencing_run/PALEOMIX
#
# Genomes:
#     Name       Contigs    Size         Prefix
#     fSalaFa    23         714822470    /home/e1garcia/shotgun_PIRE/pire_lcwgs_data_processing/salarias_fasciatus/1st_sequencing_run/refGenome/GCF_902148845.1_fSalaFa1.1_chr1-23-mtgen.fasta
#
# Regions Of Interest:
#     Genome    ROI    Size    NFeatures    NIntervals    Path
#
#
Target	Sample	Library	Measure	Value	# Description
Sfa-CBas_019	*	*	lib_type	PE	# SE, PE, or * (for both)
Sfa-CBas_019	*	*	seq_reads_pairs	4668977	# Total number of pairs
Sfa-CBas_019	*	*	seq_trash_pe_1	18	# Total number of reads
Sfa-CBas_019	*	*	seq_trash_pe_1_frac	3.855234240819777e-06	# Fraction of PE mate 1 reads trashed
Sfa-CBas_019	*	*	seq_trash_pe_2	18	# Total number of reads
Sfa-CBas_019	*	*	seq_trash_pe_2_frac	3.855234240819777e-06	# Fraction of PE mate 2 reads trashed
Sfa-CBas_019	*	*	seq_collapsed	2541824	# Total number of pairs collapsed into one read
Sfa-CBas_019	*	*	seq_collapsed_frac	0.5444070510520828	# Fraction of PE pairs collapsed into one read
Sfa-CBas_019	*	*	seq_retained_reads	6796094	# Total number of retained reads
Sfa-CBas_019	*	*	seq_retained_nts	1009636276	# Total number of NTs in retained reads
Sfa-CBas_019	*	*	seq_retained_length	148.56125827570955	# Average number of NTs in retained reads

Sfa-CBas_019	*	*	hits_raw(fSalaFa)	4288552	# Total number of hits (prior to PCR duplicate filtering)
Sfa-CBas_019	*	*	hits_raw_frac(fSalaFa)	0.6310318839027241	# Total number of hits vs. total number of reads retained
Sfa-CBas_019	*	*	hits_clonality(fSalaFa)	0.06621069302645743	# Fraction of hits that were PCR duplicates
Sfa-CBas_019	*	*	hits_unique(fSalaFa)	4004604	# Total number of hits (excluding any PCR duplicates)
Sfa-CBas_019	*	*	hits_unique_frac(fSalaFa)	0.5892508255477338	# Total number of unique hits vs. total number of reads retained
Sfa-CBas_019	*	*	hits_coverage(fSalaFa)	0.8298334074473065	# Estimated coverage from unique hits
Sfa-CBas_019	*	*	hits_length(fSalaFa)	148.12539916556045	# Average number of aligned bases per unique hit


Sfa-CBas_019	Sfa-CBas_019	*	lib_type	PE	# SE, PE, or * (for both)
Sfa-CBas_019	Sfa-CBas_019	*	seq_reads_pairs	4668977	# Total number of pairs
Sfa-CBas_019	Sfa-CBas_019	*	seq_trash_pe_1	18	# Total number of reads
Sfa-CBas_019	Sfa-CBas_019	*	seq_trash_pe_1_frac	3.855234240819777e-06	# Fraction of PE mate 1 reads trashed
Sfa-CBas_019	Sfa-CBas_019	*	seq_trash_pe_2	18	# Total number of reads
Sfa-CBas_019	Sfa-CBas_019	*	seq_trash_pe_2_frac	3.855234240819777e-06	# Fraction of PE mate 2 reads trashed
Sfa-CBas_019	Sfa-CBas_019	*	seq_collapsed	2541824	# Total number of pairs collapsed into one read
Sfa-CBas_019	Sfa-CBas_019	*	seq_collapsed_frac	0.5444070510520828	# Fraction of PE pairs collapsed into one read
Sfa-CBas_019	Sfa-CBas_019	*	seq_retained_reads	6796094	# Total number of retained reads
Sfa-CBas_019	Sfa-CBas_019	*	seq_retained_nts	1009636276	# Total number of NTs in retained reads
Sfa-CBas_019	Sfa-CBas_019	*	seq_retained_length	148.56125827570955	# Average number of NTs in retained reads

Sfa-CBas_019	Sfa-CBas_019	*	hits_raw(fSalaFa)	4288552	# Total number of hits (prior to PCR duplicate filtering)
Sfa-CBas_019	Sfa-CBas_019	*	hits_raw_frac(fSalaFa)	0.6310318839027241	# Total number of hits vs. total number of reads retained
Sfa-CBas_019	Sfa-CBas_019	*	hits_clonality(fSalaFa)	0.06621069302645743	# Fraction of hits that were PCR duplicates
Sfa-CBas_019	Sfa-CBas_019	*	hits_unique(fSalaFa)	4004604	# Total number of hits (excluding any PCR duplicates)
Sfa-CBas_019	Sfa-CBas_019	*	hits_unique_frac(fSalaFa)	0.5892508255477338	# Total number of unique hits vs. total number of reads retained
Sfa-CBas_019	Sfa-CBas_019	*	hits_coverage(fSalaFa)	0.8298334074473065	# Estimated coverage from unique hits
Sfa-CBas_019	Sfa-CBas_019	*	hits_length(fSalaFa)	148.12539916556045	# Average number of aligned bases per unique hit


Sfa-CBas_019	Sfa-CBas_019	Sfa-CBas_019_Lib1	lib_type	PE	# SE, PE, or * (for both)
Sfa-CBas_019	Sfa-CBas_019	Sfa-CBas_019_Lib1	seq_reads_pairs	4668977	# Total number of pairs
Sfa-CBas_019	Sfa-CBas_019	Sfa-CBas_019_Lib1	seq_trash_pe_1	18	# Total number of reads
Sfa-CBas_019	Sfa-CBas_019	Sfa-CBas_019_Lib1	seq_trash_pe_1_frac	3.855234240819777e-06	# Fraction of PE mate 1 reads trashed
Sfa-CBas_019	Sfa-CBas_019	Sfa-CBas_019_Lib1	seq_trash_pe_2	18	# Total number of reads
Sfa-CBas_019	Sfa-CBas_019	Sfa-CBas_019_Lib1	seq_trash_pe_2_frac	3.855234240819777e-06	# Fraction of PE mate 2 reads trashed
Sfa-CBas_019	Sfa-CBas_019	Sfa-CBas_019_Lib1	seq_collapsed	2541824	# Total number of pairs collapsed into one read
Sfa-CBas_019	Sfa-CBas_019	Sfa-CBas_019_Lib1	seq_collapsed_frac	0.5444070510520828	# Fraction of PE pairs collapsed into one read
Sfa-CBas_019	Sfa-CBas_019	Sfa-CBas_019_Lib1	seq_retained_reads	6796094	# Total number of retained reads
Sfa-CBas_019	Sfa-CBas_019	Sfa-CBas_019_Lib1	seq_retained_nts	1009636276	# Total number of NTs in retained reads
Sfa-CBas_019	Sfa-CBas_019	Sfa-CBas_019_Lib1	seq_retained_length	148.56125827570955	# Average number of NTs in retained reads

Sfa-CBas_019	Sfa-CBas_019	Sfa-CBas_019_Lib1	hits_raw(fSalaFa)	4288552	# Total number of hits (prior to PCR duplicate filtering)
Sfa-CBas_019	Sfa-CBas_019	Sfa-CBas_019_Lib1	hits_raw_frac(fSalaFa)	0.6310318839027241	# Total number of hits vs. total number of reads retained
Sfa-CBas_019	Sfa-CBas_019	Sfa-CBas_019_Lib1	hits_clonality(fSalaFa)	0.06621069302645743	# Fraction of hits that were PCR duplicates
Sfa-CBas_019	Sfa-CBas_019	Sfa-CBas_019_Lib1	hits_unique(fSalaFa)	4004604	# Total number of hits (excluding any PCR duplicates)
Sfa-CBas_019	Sfa-CBas_019	Sfa-CBas_019_Lib1	hits_unique_frac(fSalaFa)	0.5892508255477338	# Total number of unique hits vs. total number of reads retained
Sfa-CBas_019	Sfa-CBas_019	Sfa-CBas_019_Lib1	hits_coverage(fSalaFa)	0.8298334074473065	# Estimated coverage from unique hits
Sfa-CBas_019	Sfa-CBas_019	Sfa-CBas_019_Lib1	hits_length(fSalaFa)	148.12539916556045	# Average number of aligned bases per unique hit


