# Command:
#     /opt/paleomix/bin/paleomix bam run makefile.yaml
#
# Directory:
#     /home/e1garcia/shotgun_PIRE/pire_lcwgs_data_processing/salarias_fasciatus/1st_sequencing_run/PALEOMIX
#
# Genomes:
#     Name       Contigs    Size         Prefix
#     fSalaFa    23         714822470    /home/e1garcia/shotgun_PIRE/pire_lcwgs_data_processing/salarias_fasciatus/1st_sequencing_run/refGenome/GCF_902148845.1_fSalaFa1.1_chr1-23-mtgen.fasta
#
# Regions Of Interest:
#     Genome    ROI    Size    NFeatures    NIntervals    Path
#
#
Target	Sample	Library	Measure	Value	# Description
Sfa-CBas_043	*	*	lib_type	PE	# SE, PE, or * (for both)
Sfa-CBas_043	*	*	seq_reads_pairs	7468595	# Total number of pairs
Sfa-CBas_043	*	*	seq_trash_pe_1	113	# Total number of reads
Sfa-CBas_043	*	*	seq_trash_pe_1_frac	1.5130021108387855e-05	# Fraction of PE mate 1 reads trashed
Sfa-CBas_043	*	*	seq_trash_pe_2	113	# Total number of reads
Sfa-CBas_043	*	*	seq_trash_pe_2_frac	1.5130021108387855e-05	# Fraction of PE mate 2 reads trashed
Sfa-CBas_043	*	*	seq_collapsed	6182330	# Total number of pairs collapsed into one read
Sfa-CBas_043	*	*	seq_collapsed_frac	0.8277768442391106	# Fraction of PE pairs collapsed into one read
Sfa-CBas_043	*	*	seq_retained_reads	8754634	# Total number of retained reads
Sfa-CBas_043	*	*	seq_retained_nts	1279911686	# Total number of NTs in retained reads
Sfa-CBas_043	*	*	seq_retained_length	146.19819469323332	# Average number of NTs in retained reads

Sfa-CBas_043	*	*	hits_raw(fSalaFa)	5559469	# Total number of hits (prior to PCR duplicate filtering)
Sfa-CBas_043	*	*	hits_raw_frac(fSalaFa)	0.6350315729932285	# Total number of hits vs. total number of reads retained
Sfa-CBas_043	*	*	hits_clonality(fSalaFa)	0.05441868638893388	# Fraction of hits that were PCR duplicates
Sfa-CBas_043	*	*	hits_unique(fSalaFa)	5256930	# Total number of hits (excluding any PCR duplicates)
Sfa-CBas_043	*	*	hits_unique_frac(fSalaFa)	0.6004739889754386	# Total number of unique hits vs. total number of reads retained
Sfa-CBas_043	*	*	hits_coverage(fSalaFa)	1.0636897144545554	# Estimated coverage from unique hits
Sfa-CBas_043	*	*	hits_length(fSalaFa)	144.6375182853871	# Average number of aligned bases per unique hit


Sfa-CBas_043	Sfa-CBas_043	*	lib_type	PE	# SE, PE, or * (for both)
Sfa-CBas_043	Sfa-CBas_043	*	seq_reads_pairs	7468595	# Total number of pairs
Sfa-CBas_043	Sfa-CBas_043	*	seq_trash_pe_1	113	# Total number of reads
Sfa-CBas_043	Sfa-CBas_043	*	seq_trash_pe_1_frac	1.5130021108387855e-05	# Fraction of PE mate 1 reads trashed
Sfa-CBas_043	Sfa-CBas_043	*	seq_trash_pe_2	113	# Total number of reads
Sfa-CBas_043	Sfa-CBas_043	*	seq_trash_pe_2_frac	1.5130021108387855e-05	# Fraction of PE mate 2 reads trashed
Sfa-CBas_043	Sfa-CBas_043	*	seq_collapsed	6182330	# Total number of pairs collapsed into one read
Sfa-CBas_043	Sfa-CBas_043	*	seq_collapsed_frac	0.8277768442391106	# Fraction of PE pairs collapsed into one read
Sfa-CBas_043	Sfa-CBas_043	*	seq_retained_reads	8754634	# Total number of retained reads
Sfa-CBas_043	Sfa-CBas_043	*	seq_retained_nts	1279911686	# Total number of NTs in retained reads
Sfa-CBas_043	Sfa-CBas_043	*	seq_retained_length	146.19819469323332	# Average number of NTs in retained reads

Sfa-CBas_043	Sfa-CBas_043	*	hits_raw(fSalaFa)	5559469	# Total number of hits (prior to PCR duplicate filtering)
Sfa-CBas_043	Sfa-CBas_043	*	hits_raw_frac(fSalaFa)	0.6350315729932285	# Total number of hits vs. total number of reads retained
Sfa-CBas_043	Sfa-CBas_043	*	hits_clonality(fSalaFa)	0.05441868638893388	# Fraction of hits that were PCR duplicates
Sfa-CBas_043	Sfa-CBas_043	*	hits_unique(fSalaFa)	5256930	# Total number of hits (excluding any PCR duplicates)
Sfa-CBas_043	Sfa-CBas_043	*	hits_unique_frac(fSalaFa)	0.6004739889754386	# Total number of unique hits vs. total number of reads retained
Sfa-CBas_043	Sfa-CBas_043	*	hits_coverage(fSalaFa)	1.0636897144545554	# Estimated coverage from unique hits
Sfa-CBas_043	Sfa-CBas_043	*	hits_length(fSalaFa)	144.6375182853871	# Average number of aligned bases per unique hit


Sfa-CBas_043	Sfa-CBas_043	Sfa-CBas_043_Lib1	lib_type	PE	# SE, PE, or * (for both)
Sfa-CBas_043	Sfa-CBas_043	Sfa-CBas_043_Lib1	seq_reads_pairs	7468595	# Total number of pairs
Sfa-CBas_043	Sfa-CBas_043	Sfa-CBas_043_Lib1	seq_trash_pe_1	113	# Total number of reads
Sfa-CBas_043	Sfa-CBas_043	Sfa-CBas_043_Lib1	seq_trash_pe_1_frac	1.5130021108387855e-05	# Fraction of PE mate 1 reads trashed
Sfa-CBas_043	Sfa-CBas_043	Sfa-CBas_043_Lib1	seq_trash_pe_2	113	# Total number of reads
Sfa-CBas_043	Sfa-CBas_043	Sfa-CBas_043_Lib1	seq_trash_pe_2_frac	1.5130021108387855e-05	# Fraction of PE mate 2 reads trashed
Sfa-CBas_043	Sfa-CBas_043	Sfa-CBas_043_Lib1	seq_collapsed	6182330	# Total number of pairs collapsed into one read
Sfa-CBas_043	Sfa-CBas_043	Sfa-CBas_043_Lib1	seq_collapsed_frac	0.8277768442391106	# Fraction of PE pairs collapsed into one read
Sfa-CBas_043	Sfa-CBas_043	Sfa-CBas_043_Lib1	seq_retained_reads	8754634	# Total number of retained reads
Sfa-CBas_043	Sfa-CBas_043	Sfa-CBas_043_Lib1	seq_retained_nts	1279911686	# Total number of NTs in retained reads
Sfa-CBas_043	Sfa-CBas_043	Sfa-CBas_043_Lib1	seq_retained_length	146.19819469323332	# Average number of NTs in retained reads

Sfa-CBas_043	Sfa-CBas_043	Sfa-CBas_043_Lib1	hits_raw(fSalaFa)	5559469	# Total number of hits (prior to PCR duplicate filtering)
Sfa-CBas_043	Sfa-CBas_043	Sfa-CBas_043_Lib1	hits_raw_frac(fSalaFa)	0.6350315729932285	# Total number of hits vs. total number of reads retained
Sfa-CBas_043	Sfa-CBas_043	Sfa-CBas_043_Lib1	hits_clonality(fSalaFa)	0.05441868638893388	# Fraction of hits that were PCR duplicates
Sfa-CBas_043	Sfa-CBas_043	Sfa-CBas_043_Lib1	hits_unique(fSalaFa)	5256930	# Total number of hits (excluding any PCR duplicates)
Sfa-CBas_043	Sfa-CBas_043	Sfa-CBas_043_Lib1	hits_unique_frac(fSalaFa)	0.6004739889754386	# Total number of unique hits vs. total number of reads retained
Sfa-CBas_043	Sfa-CBas_043	Sfa-CBas_043_Lib1	hits_coverage(fSalaFa)	1.0636897144545554	# Estimated coverage from unique hits
Sfa-CBas_043	Sfa-CBas_043	Sfa-CBas_043_Lib1	hits_length(fSalaFa)	144.6375182853871	# Average number of aligned bases per unique hit


